2026-06-18 14:08:08 source > INFO o.a.k.c.c.AbstractConfig(logAll):376 KafkaAvroDeserializerConfig values: 
        auto.register.schemas = true
        avro.reflection.allow.null = false
        avro.use.logical.type.converters = false
        basic.auth.credentials.source = USER_INFO
        basic.auth.user.info = [hidden]
        bearer.auth.credentials.source = STATIC_TOKEN
        bearer.auth.token = [hidden]
        context.name.strategy = class io.confluent.kafka.serializers.context.NullContextNameStrategy
        id.compatibility.strict = true
        key.subject.name.strategy = class io.confluent.kafka.serializers.subject.TopicNameStrategy
        latest.compatibility.strict = true
        max.schemas.per.subject = 1000
        normalize.schemas = false
        proxy.host = 
        proxy.port = -1
        schema.reflection = false
        schema.registry.basic.auth.user.info = [hidden]
        schema.registry.ssl.cipher.suites = null
        schema.registry.ssl.enabled.protocols = [TLSv1.2, TLSv1.3]
        schema.registry.ssl.endpoint.identification.algorithm = https
        schema.registry.ssl.engine.factory.class = null
        schema.registry.ssl.key.password = null
        schema.registry.ssl.keymanager.algorithm = SunX509
        schema.registry.ssl.keystore.certificate.chain = null
        schema.registry.ssl.keystore.key = null
        schema.registry.ssl.keystore.location = null
        schema.registry.ssl.keystore.password = null
        schema.registry.ssl.keystore.type = JKS
        schema.registry.ssl.protocol = TLSv1.3
        schema.registry.ssl.provider = null
        schema.registry.ssl.secure.random.implementation = null
        schema.registry.ssl.trustmanager.algorithm = PKIX
        schema.registry.ssl.truststore.certificates = null
        schema.registry.ssl.truststore.location = null
        schema.registry.ssl.truststore.password = null
        schema.registry.ssl.truststore.type = JKS
        schema.registry.url = [https://lwbitst1.int-tst.telekom.hu:8087, https://lwbitst2.int-tst.telekom.hu:8087, https://lwbitst3.int-tst.telekom.hu:8087]
        specific.avro.reader = false
        use.latest.version = false
        use.schema.id = -1
        value.subject.name.strategy = class io.confluent.kafka.serializers.subject.RecordNameStrategy

2026-06-18 14:08:08 source > INFO o.a.k.c.s.a.AbstractLogin(login):61 Successfully logged in.
2026-06-18 14:08:09 source > INFO o.a.k.c.u.AppInfoParser$AppInfo(<init>):119 Kafka version: 3.5.1
2026-06-18 14:08:09 source > INFO o.a.k.c.u.AppInfoParser$AppInfo(<init>):120 Kafka commitId: 2c6fb6c54472e90a
2026-06-18 14:08:09 source > INFO o.a.k.c.u.AppInfoParser$AppInfo(<init>):121 Kafka startTimeMs: 1781791689001
2026-06-18 14:08:09 source > INFO i.a.i.s.k.f.AvroFormat(getConsumer):87 Kafka subscribe method: {"topic_pattern":"hu-telekom-amdocs-bl9jutiinvoicedata","subscription_type":"subscribe"}
2026-06-18 14:08:09 source > INFO o.a.k.c.c.KafkaConsumer(subscribe):1032 [Consumer clientId=airbyte_tst, groupId=mt-juti-hu-telekom-amdocs-bl9jutiinvoicedata] Subscribed to pattern: 'hu-telekom-amdocs-bl9jutiinvoicedata'
2026-06-18 14:08:09 source > INFO o.a.k.c.Metadata(updateLatestMetadata):402 [Consumer clientId=airbyte_tst, groupId=mt-juti-hu-telekom-amdocs-bl9jutiinvoicedata] Resetting the last seen epoch of partition hu-telekom-amdocs-bl9jutiinvoicedata-0 to 114 since the associated topicId changed from null to lOJ7uwXAQFKekS31Nxye3w
2026-06-18 14:08:09 source > INFO o.a.k.c.Metadata(updateLatestMetadata):402 [Consumer clientId=airbyte_tst, groupId=mt-juti-hu-telekom-amdocs-bl9jutiinvoicedata] Resetting the last seen epoch of partition hu-telekom-amdocs-bl9jutiinvoicedata-1 to 123 since the associated topicId changed from null to lOJ7uwXAQFKekS31Nxye3w
2026-06-18 14:08:09 source > INFO o.a.k.c.Metadata(update):287 [Consumer clientId=airbyte_tst, groupId=mt-juti-hu-telekom-amdocs-bl9jutiinvoicedata] Cluster ID: l2nm9mv0RvmoasrHHx6sEQ
2026-06-18 14:08:09 source > INFO i.a.i.s.k.f.AvroFormat(getConsumer):99 Topic list: [hu-telekom-amdocs-bl9jutiinvoicedata]
2026-06-18 14:08:09 source > INFO i.a.i.s.k.f.AbstractFormat(readRecords):176 Starting Kafka read. topics=[hu-telekom-amdocs-bl9jutiinvoicedata], pollingTimeMs=500, repeatedCalls=3, maxRecords=30000, initialOffsets={"offsets":{"hu-telekom-amdocs-bl9jutiinvoicedata":{"0":16907483,"1":16904543}}}
2026-06-18 14:08:09 source > INFO o.a.k.c.c.i.AbstractCoordinator$FindCoordinatorResponseHandler(onSuccess):879 [Consumer clientId=airbyte_tst, groupId=mt-juti-hu-telekom-amdocs-bl9jutiinvoicedata] Discovered group coordinator lwbitst2.int-tst.telekom.hu:9093 (id: 2147483645 rack: null)
2026-06-18 14:08:09 source > INFO o.a.k.c.c.i.AbstractCoordinator(sendJoinGroupRequest):548 [Consumer clientId=airbyte_tst, groupId=mt-juti-hu-telekom-amdocs-bl9jutiinvoicedata] (Re-)joining group
2026-06-18 14:08:09 source > INFO o.a.k.c.c.i.AbstractCoordinator(requestRejoin):1045 [Consumer clientId=airbyte_tst, groupId=mt-juti-hu-telekom-amdocs-bl9jutiinvoicedata] Request joining group due to: need to re-join with the given member-id: airbyte_tst-dd16cbb5-d628-4f89-aaef-cfdfc7216a40
2026-06-18 14:08:09 source > INFO o.a.k.c.c.i.AbstractCoordinator(sendJoinGroupRequest):548 [Consumer clientId=airbyte_tst, groupId=mt-juti-hu-telekom-amdocs-bl9jutiinvoicedata] (Re-)joining group
2026-06-18 14:08:09 source > INFO o.a.k.c.c.i.AbstractCoordinator$JoinGroupResponseHandler(handle):609 [Consumer clientId=airbyte_tst, groupId=mt-juti-hu-telekom-amdocs-bl9jutiinvoicedata] Successfully joined group with generation Generation{generationId=9, memberId='airbyte_tst-dd16cbb5-d628-4f89-aaef-cfdfc7216a40', protocol='range'}
2026-06-18 14:08:09 source > INFO o.a.k.c.c.i.ConsumerCoordinator(onLeaderElected):696 [Consumer clientId=airbyte_tst, groupId=mt-juti-hu-telekom-amdocs-bl9jutiinvoicedata] Finished assignment for group at generation 9: {airbyte_tst-dd16cbb5-d628-4f89-aaef-cfdfc7216a40=Assignment(partitions=[hu-telekom-amdocs-bl9jutiinvoicedata-0, hu-telekom-amdocs-bl9jutiinvoicedata-1])}
2026-06-18 14:08:09 source > INFO o.a.k.c.c.i.AbstractCoordinator$SyncGroupResponseHandler(handle):784 [Consumer clientId=airbyte_tst, groupId=mt-juti-hu-telekom-amdocs-bl9jutiinvoicedata] Successfully synced group in generation Generation{generationId=9, memberId='airbyte_tst-dd16cbb5-d628-4f89-aaef-cfdfc7216a40', protocol='range'}
2026-06-18 14:08:09 source > INFO o.a.k.c.c.i.ConsumerCoordinator(invokeOnAssignment):295 [Consumer clientId=airbyte_tst, groupId=mt-juti-hu-telekom-amdocs-bl9jutiinvoicedata] Notifying assignor about the new Assignment(partitions=[hu-telekom-amdocs-bl9jutiinvoicedata-0, hu-telekom-amdocs-bl9jutiinvoicedata-1])
2026-06-18 14:08:09 source > INFO o.a.k.c.c.i.ConsumerCoordinator(invokePartitionsAssigned):307 [Consumer clientId=airbyte_tst, groupId=mt-juti-hu-telekom-amdocs-bl9jutiinvoicedata] Adding newly assigned partitions: hu-telekom-amdocs-bl9jutiinvoicedata-0, hu-telekom-amdocs-bl9jutiinvoicedata-1
2026-06-18 14:08:09 source > INFO i.a.i.s.k.f.AbstractFormat(seekToStateOrConfiguredStart):101 Seeking assigned Kafka partitions using Airbyte state. partitions=[hu-telekom-amdocs-bl9jutiinvoicedata-0, hu-telekom-amdocs-bl9jutiinvoicedata-1], auto_offset_reset=earliest, state={"offsets":{"hu-telekom-amdocs-bl9jutiinvoicedata":{"0":16907483,"1":16904543}}}
2026-06-18 14:08:09 source > INFO o.a.k.c.c.KafkaConsumer(seek):1594 [Consumer clientId=airbyte_tst, groupId=mt-juti-hu-telekom-amdocs-bl9jutiinvoicedata] Seeking to offset 16907483 for partition hu-telekom-amdocs-bl9jutiinvoicedata-0
2026-06-18 14:08:09 source > INFO i.a.i.s.k.f.AbstractFormat(seekToStateOrConfiguredStart):108 Seeking Kafka partition hu-telekom-amdocs-bl9jutiinvoicedata-0 to Airbyte state offset 16907483.
2026-06-18 14:08:09 source > INFO o.a.k.c.c.KafkaConsumer(seek):1594 [Consumer clientId=airbyte_tst, groupId=mt-juti-hu-telekom-amdocs-bl9jutiinvoicedata] Seeking to offset 16904543 for partition hu-telekom-amdocs-bl9jutiinvoicedata-1
2026-06-18 14:08:09 source > INFO i.a.i.s.k.f.AbstractFormat(seekToStateOrConfiguredStart):108 Seeking Kafka partition hu-telekom-amdocs-bl9jutiinvoicedata-1 to Airbyte state offset 16904543.
2026-06-18 14:08:09 source > INFO i.a.i.s.k.f.AbstractFormat(commitStateOffsetsToBroker):157 Committed Airbyte state offsets back to Kafka broker. offsets={hu-telekom-amdocs-bl9jutiinvoicedata-1=OffsetAndMetadata{offset=16904543, leaderEpoch=null, metadata=''}, hu-telekom-amdocs-bl9jutiinvoicedata-0=OffsetAndMetadata{offset=16907483, leaderEpoch=null, metadata=''}}
2026-06-18 14:08:10 source > WARN o.a.a.Schema(parse):1756 Ignored the hu.telekom.amdocs.juti.BL9JutiInvoiceRecord.cutOffDate.logicalType property ("date"). It should probably be nested inside the "type" for the field.
2026-06-18 14:08:10 source > WARN o.a.a.Schema(parse):1756 Ignored the hu.telekom.amdocs.juti.BL9JutiChargeRecord.startDate.logicalType property ("date"). It should probably be nested inside the "type" for the field.
2026-06-18 14:08:10 source > WARN o.a.a.Schema(parse):1756 Ignored the hu.telekom.amdocs.juti.BL9JutiChargeRecord.endDate.logicalType property ("date"). It should probably be nested inside the "type" for the field.
2026-06-18 14:08:48 source > INFO i.a.i.s.k.f.AbstractFormat$2(computeNext):198 Max record count is reached.
2026-06-18 14:08:48 source > INFO i.a.i.s.k.f.AbstractFormat$2(finish):244 Kafka read finished. polls=95, receivedRecords=30146, emittedRecords=30000, finalOffsets={"offsets":{"hu-telekom-amdocs-bl9jutiinvoicedata":{"0":16922482,"1":16919544}}}
2026-06-18 14:08:48 source > INFO o.a.k.c.c.i.ConsumerCoordinator(invokePartitionsRevoked):326 [Consumer clientId=airbyte_tst, groupId=mt-juti-hu-telekom-amdocs-bl9jutiinvoicedata] Revoke previously assigned partitions hu-telekom-amdocs-bl9jutiinvoicedata-0, hu-telekom-amdocs-bl9jutiinvoicedata-1
2026-06-18 14:08:48 source > INFO o.a.k.c.c.i.AbstractCoordinator(maybeLeaveGroup):1106 [Consumer clientId=airbyte_tst, groupId=mt-juti-hu-telekom-amdocs-bl9jutiinvoicedata] Member airbyte_tst-dd16cbb5-d628-4f89-aaef-cfdfc7216a40 sending LeaveGroup request to coordinator lwbitst2.int-tst.telekom.hu:9093 (id: 2147483645 rack: null) due to the consumer is being closed
2026-06-18 14:08:48 source > INFO o.a.k.c.c.i.AbstractCoordinator(resetStateAndGeneration):998 [Consumer clientId=airbyte_tst, groupId=mt-juti-hu-telekom-amdocs-bl9jutiinvoicedata] Resetting generation and member id due to: consumer pro-actively leaving the group
2026-06-18 14:08:48 source > INFO o.a.k.c.c.i.AbstractCoordinator(requestRejoin):1045 [Consumer clientId=airbyte_tst, groupId=mt-juti-hu-telekom-amdocs-bl9jutiinvoicedata] Request joining group due to: consumer pro-actively leaving the group
2026-06-18 14:08:48 source > INFO o.a.k.c.m.Metrics(close):659 Metrics scheduler closed
2026-06-18 14:08:48 source > INFO o.a.k.c.m.Metrics(close):663 Closing reporter org.apache.kafka.common.metrics.JmxReporter
2026-06-18 14:08:48 source > INFO o.a.k.c.m.Metrics(close):669 Metrics reporters closed
2026-06-18 14:08:48 source > INFO o.a.k.c.u.AppInfoParser(unregisterAppInfo):83 App info kafka.consumer for airbyte_tst unregistered
2026-06-18 14:08:48 source > INFO i.a.c.i.b.IntegrationRunner(runInternal):231 Completed integration: io.airbyte.integrations.source.kafka.KafkaSource
2026-06-18 14:08:48 source > INFO i.a.i.s.k.KafkaSource(main):62 Completed source: class io.airbyte.integrations.source.kafka.KafkaSource